 KRNL32

 Timestamp is 5736a57f (Fri May 13 22:11:43 2016)

 Preferred load address is 00100000

 Start         Length     Name                   Class
 0001:00000000 0000182cH .text                   CODE
 0002:00000000 000008c4H .rdata                  DATA
 0003:00000000 00000004H .CRT$XCA                DATA
 0003:00000004 00000004H .CRT$XCZ                DATA
 0003:00000008 00000034H .data                   DATA
 0003:00000040 00000890H .bss                    DATA
 0004:00000000 00000058H .rsrc$01                DATA
 0004:00000060 00000320H .rsrc$02                DATA

  Address         Publics by Value              Rva+Base       Lib:Object

 0000:00000000       ___safe_se_handler_count   00000000     <absolute>
 0000:00000000       ___safe_se_handler_table   00000000     <absolute>
 0001:00000000       ?kernel_entry@@YAXPAUmultiboot_info@@@Z 00100400 f   entry.obj
 0001:00000029       ?kmain@@YAHPAUmultiboot_info@@@Z 00100429 f   main.obj
 0001:000002a1       ?DebugPutc@@YAXE@Z         001006a1 f   DebugDisplay.obj
 0001:0000032a       ?itoa@@YAXIIPAD@Z          0010072a f   DebugDisplay.obj
 0001:00000382       ?itoa_s@@YAXHIPAD@Z        00100782 f   DebugDisplay.obj
 0001:000003a5       ?DebugSetColor@@YAII@Z     001007a5 f   DebugDisplay.obj
 0001:000003b7       ?DebugGotoXY@@YAXII@Z      001007b7 f   DebugDisplay.obj
 0001:000003dc       ?DebugClrScr@@YAXE@Z       001007dc f   DebugDisplay.obj
 0001:0000040c       ?DebugPuts@@YAXPAD@Z       0010080c f   DebugDisplay.obj
 0001:0000043d       ?DebugPrintf@@YAHPBDZZ     0010083d f   DebugDisplay.obj
 0001:0000052b       ?divide_by_zero_fault@@YAXIII@Z 0010092b f   exception.obj
 0001:0000054a       ?single_step_trap@@YAXIII@Z 0010094a f   exception.obj
 0001:00000569       ?nmi_trap@@YAXIII@Z        00100969 f   exception.obj
 0001:00000588       ?breakpoint_trap@@YAXIII@Z 00100988 f   exception.obj
 0001:000005a7       ?overflow_trap@@YAXIII@Z   001009a7 f   exception.obj
 0001:000005c6       ?bounds_check_fault@@YAXIII@Z 001009c6 f   exception.obj
 0001:000005e5       ?invalid_opcode_fault@@YAXIII@Z 001009e5 f   exception.obj
 0001:00000604       ?no_device_fault@@YAXIII@Z 00100a04 f   exception.obj
 0001:00000623       ?double_fault_abort@@YAXIIII@Z 00100a23 f   exception.obj
 0001:00000642       ?invalid_tss_fault@@YAXIIII@Z 00100a42 f   exception.obj
 0001:00000661       ?no_segment_fault@@YAXIIII@Z 00100a61 f   exception.obj
 0001:00000680       ?stack_fault@@YAXIIII@Z    00100a80 f   exception.obj
 0001:0000069f       ?general_protection_fault@@YAXIIII@Z 00100a9f f   exception.obj
 0001:000006be       ?page_fault@@YAXIIII@Z     00100abe f   exception.obj
 0001:000006e8       ?fpu_fault@@YAXIII@Z       00100ae8 f   exception.obj
 0001:00000704       ?alignment_check_fault@@YAXIIII@Z 00100b04 f   exception.obj
 0001:00000720       ?machine_check_abort@@YAXIII@Z 00100b20 f   exception.obj
 0001:0000073c       ?simd_fpu_fault@@YAXIII@Z  00100b3c f   exception.obj
 0001:00000758       ?mmap_set@@YAXH@Z          00100b58 f i mmngr_phys.obj
 0001:00000785       ?mmap_unset@@YAXH@Z        00100b85 f i mmngr_phys.obj
 0001:000007b4       ?mmap_test@@YA_NH@Z        00100bb4 f i mmngr_phys.obj
 0001:000007e4       ?pmmngr_init_region@@YAXII@Z 00100be4 f   mmngr_phys.obj
 0001:00000814       ?pmmngr_deinit_region@@YAXII@Z 00100c14 f   mmngr_phys.obj
 0001:00000844       ?pmmngr_free_block@@YAXPAX@Z 00100c44 f   mmngr_phys.obj
 0001:00000859       ?pmmngr_free_blocks@@YAXPAXI@Z 00100c59 f   mmngr_phys.obj
 0001:00000886       ?pmmngr_get_block_count@@YAIXZ 00100c86 f   mmngr_phys.obj
 0001:0000088c       ?pmmngr_get_use_block_count@@YAIXZ 00100c8c f   mmngr_phys.obj
 0001:00000892       ?pmmngr_get_free_block_count@@YAIXZ 00100c92 f   mmngr_phys.obj
 0001:0000089e       ?mmap_first_free@@YAHXZ    00100c9e f   mmngr_phys.obj
 0001:000008e0       ?mmap_first_free_s@@YAHI@Z 00100ce0 f   mmngr_phys.obj
 0001:0000098a       ?pmmngr_init@@YAXII@Z      00100d8a f   mmngr_phys.obj
 0001:000009bd       ?pmmngr_alloc_block@@YAPAXXZ 00100dbd f   mmngr_phys.obj
 0001:000009f0       ?pmmngr_alloc_blocks@@YAPAXI@Z 00100df0 f   mmngr_phys.obj
 0001:00000a40       ?kernel_panic@@YAXPBDZZ    00100e40 f   panic.obj
 0001:00000ab0       ?_initterm@@YAXPAP6AXXZ0@Z 00100eb0 f   Lib:cstd.obj
 0001:00000ae0       ?_atexit_init@@YAXXZ       00100ee0 f   Lib:cstd.obj
 0001:00000b00       _atexit                    00100f00 f   Lib:cstd.obj
 0001:00000b50       ?Exit@@YAXXZ               00100f50 f   Lib:cstd.obj
 0001:00000b90       ?InitializeConstructors@@YAXXZ 00100f90 f   Lib:cstd.obj
 0001:00000bb0       ?_purecall_handler@@YAHXZ  00100fb0 f   Lib:cstd.obj
 0001:00000bc0       __CIcos                    00100fc0 f   Lib:cstd.obj
 0001:00000bd0       __CIsin                    00100fd0 f   Lib:cstd.obj
 0001:00000be0       __CIsqrt                   00100fe0 f   Lib:cstd.obj
 0001:00000bf0       __ftol2_sse                00100ff0 f   Lib:cstd.obj
 0001:00000c00       __aullshr                  00101000 f   Lib:cstd.obj
 0001:00000c20       ??2@YAPAXI@Z               00101020 f   Lib:cstd.obj
 0001:00000c30       ??_U@YAPAXI@Z              00101030 f   Lib:cstd.obj
 0001:00000c40       ??3@YAXPAX@Z               00101040 f   Lib:cstd.obj
 0001:00000c50       ??_V@YAXPAX@Z              00101050 f   Lib:cstd.obj
 0001:00000c60       ?strcpy@@YAPADPADPBD@Z     00101060 f   Lib:string.obj
 0001:00000ca0       ?strlen@@YAIPBD@Z          001010a0 f   Lib:string.obj
 0001:00000cd0       ?memcpy@@YAPAXPAXPBXI@Z    001010d0 f   Lib:string.obj
 0001:00000d20       ?memset@@YAPAXPAXDI@Z      00101120 f   Lib:string.obj
 0001:00000d50       ?memsetw@@YAPAGPAGGI@Z     00101150 f   Lib:string.obj
 0001:00000d90       ?vsprintf@@YAHPADPBDPAE@Z  00101190 f   Lib:stdio.obj
 0001:00001020       ?hal_initialize@@YAHXZ     00101420 f   Hal:Hal.obj
 0001:00001060       ?hal_shutdown@@YAHXZ       00101460 f   Hal:Hal.obj
 0001:00001070       ?geninterrupt@@YAXH@Z      00101470 f   Hal:Hal.obj
 0001:00001090       ?sound@@YAXI@Z             00101490 f   Hal:Hal.obj
 0001:000010b0       ?inportb@@YAEG@Z           001014b0 f   Hal:Hal.obj
 0001:000010c0       ?outportb@@YAXGE@Z         001014c0 f   Hal:Hal.obj
 0001:000010d0       ?enable@@YAXXZ             001014d0 f   Hal:Hal.obj
 0001:000010e0       ?disable@@YAXXZ            001014e0 f   Hal:Hal.obj
 0001:000010f0       ?setvect@@YAXHA6AXXZ@Z     001014f0 f   Hal:Hal.obj
 0001:00001110       ?getvect@@YAP6AXXZH@Z      00101510 f   Hal:Hal.obj
 0001:00001160       ?get_cpu_vender@@YAPBDXZ   00101560 f   Hal:Hal.obj
 0001:00001170       ?get_tick_count@@YAHXZ     00101570 f   Hal:Hal.obj
 0001:00001180       ?interruptdone@@YAXI@Z     00101580 f i Hal:Hal.obj
 0001:000011b0       ?i86_pit_irq@@YAXXZ        001015b0 f   Hal:pit.obj
 0001:000011e0       ?i86_pit_set_tick_count@@YAII@Z 001015e0 f   Hal:pit.obj
 0001:00001200       ?i86_pit_get_tick_count@@YAIXZ 00101600 f   Hal:pit.obj
 0001:00001210       ?i86_pit_send_command@@YAXE@Z 00101610 f   Hal:pit.obj
 0001:00001230       ?i86_pit_send_data@@YAXGE@Z 00101630 f   Hal:pit.obj
 0001:00001280       ?i86_pit_read_data@@YAEG@Z 00101680 f   Hal:pit.obj
 0001:000012d0       ?i86_pit_start_counter@@YAXIEE@Z 001016d0 f   Hal:pit.obj
 0001:00001370       ?i86_pit_initialize@@YAXXZ 00101770 f   Hal:pit.obj
 0001:00001390       ?i86_pit_is_initialized@@YA_NXZ 00101790 f   Hal:pit.obj
 0001:000013a0       ?i86_pic_send_command@@YAXEE@Z 001017a0 f i Hal:pic.obj
 0001:000013e0       ?i86_pic_send_data@@YAXEE@Z 001017e0 f i Hal:pic.obj
 0001:00001420       ?i86_pic_initialize@@YAXEE@Z 00101820 f   Hal:pic.obj
 0001:000014d0       ?i86_cpu_initialize@@YAHXZ 001018d0 f   Hal:cpu.obj
 0001:000014f0       ?i86_cpu_shutdown@@YAXXZ   001018f0 f   Hal:cpu.obj
 0001:00001500       ?i86_cpu_get_vender@@YAPADXZ 00101900 f   Hal:cpu.obj
 0001:00001530       ?i86_cpu_flush_caches@@YAXXZ 00101930 f   Hal:cpu.obj
 0001:00001540       ?i86_cpu_flush_caches_write@@YAXXZ 00101940 f   Hal:cpu.obj
 0001:00001550       ?i86_cpu_flush_tlb_entry@@YAXI@Z 00101950 f   Hal:cpu.obj
 0001:00001560       ?i86_get_ir@@YAPAUidt_descriptor@@I@Z 00101960 f   Hal:idt.obj
 0001:00001580       ?i86_install_ir@@YAHIGGP6AXXZ@Z 00101980 f   Hal:idt.obj
 0001:00001610       ?i86_idt_initialize@@YAHG@Z 00101a10 f   Hal:idt.obj
 0001:000016a0       ?gdt_set_descriptor@@YAXI_K0EE@Z 00101aa0 f   Hal:gdt.obj
 0001:00001790       ?i86_gdt_get_descriptor@@YAPAUgdt_descriptor@@H@Z 00101b90 f   Hal:gdt.obj
 0001:000017b0       ?i86_gdt_initialize@@YAHXZ 00101bb0 f   Hal:gdt.obj
 0002:00000000       ??_C@_0BA@BJOBDCJI@ACPI?5NVS?5Memory?$AA@ 00101e00     main.obj
 0002:00000010       ??_C@_0N@EHGNOCNM@ACPI?5Reclaim?$AA@ 00101e10     main.obj
 0002:00000020       ??_C@_08NKCLJDKG@Reserved?$AA@ 00101e20     main.obj
 0002:0000002c       ??_C@_09PPNHOLKJ@Available?$AA@ 00101e2c     main.obj
 0002:00000038       ??_C@_0DJ@DCCLNALJ@?6Unallocated?5p?5to?5free?5block?51?4?5@ 00101e38     main.obj
 0002:00000074       ??_C@_0CD@IDLDPPCG@?6allocated?52?5blocks?5for?5p2?5at?50x@ 00101e74     main.obj
 0002:00000098       ??_C@_0BF@FKNBJPNG@?6p?5allocated?5at?50x?$CFx?$AA@ 00101e98     main.obj
 0002:000000b0       ??_C@_0FN@PGMCIDPB@?6pmm?5regions?5initialized?3?5?$CFi?5all@ 00101eb0     main.obj
 0002:00000110       ??_C@_0DP@JJEEKKOB@region?5?$CFi?3?5start?3?50x?$CFx?$CFx?5length?5@ 00101f10     main.obj
 0002:00000150       ??_C@_0BG@NANKAP@Physical?5Memory?5Map?3?6?$AA@ 00101f50     main.obj
 0002:00000168       ??_C@_0EC@GJFLJNIH@pmm?5initialized?5with?5?$CFi?5KB?5physi@ 00101f68     main.obj
 0002:000001b0       ??_C@_0FB@JMGOJCNI@?5?5?5?5?5?5?5?5?5?5?5?5?5?5?5?5?5?5?5?5?5?5?5?5?5?5?5?5?5?5?5?5@ 00101fb0     main.obj
 0002:00000208       ??_C@_0FB@PNABOIGG@?5?5?5?5?5?5?5?5?5?5?5?5?5?5?5?5?5?5?5?5?$HO?$FL?5Physical?5@ 00102008     main.obj
 0002:0000025c       ??_C@_0DK@JPDKLIDN@Divide?5by?50?5at?5physical?5address?5@ 0010205c     exception.obj
 0002:00000298       ??_C@_0DK@EDMPBNNJ@Single?5step?5at?5physical?5address?5@ 00102098     exception.obj
 0002:000002d4       ??_C@_0DH@GMCEJAGH@NMI?5trap?5at?5physical?5address?5?$FL0x@ 001020d4     exception.obj
 0002:0000030c       ??_C@_0DO@HECKHEPE@Breakpoint?5trap?5at?5physical?5addr@ 0010210c     exception.obj
 0002:0000034c       ??_C@_0DM@MNLOBONG@Overflow?5trap?5at?5physical?5addres@ 0010214c     exception.obj
 0002:00000388       ??_C@_0EB@HFKENDCB@Bounds?5check?5fault?5at?5physical?5a@ 00102188     exception.obj
 0002:000003cc       ??_C@_0DN@FMJKFMBE@Invalid?5opcode?5at?5physical?5addre@ 001021cc     exception.obj
 0002:00000410       ??_C@_0EF@KCMEFAME@Device?5not?5found?5fault?5at?5physic@ 00102210     exception.obj
 0002:00000458       ??_C@_0DL@BJKFIMCG@Double?5fault?5at?5physical?5address@ 00102258     exception.obj
 0002:00000494       ??_C@_0DK@KHBDCCLO@Invalid?5TSS?5at?5physical?5address?5@ 00102294     exception.obj
 0002:000004d0       ??_C@_0DO@CBMNIOP@Invalid?5segment?5at?5physical?5addr@ 001022d0     exception.obj
 0002:00000510       ??_C@_0DK@KPJEDBGP@Stack?5fault?5at?5physical?5address?5@ 00102310     exception.obj
 0002:00000550       ??_C@_0EH@GNLNLLGH@General?5Protection?5Fault?5at?5phys@ 00102350     exception.obj
 0002:00000598       ??_C@_0DB@ONAGEJDI@Page?5Fault?5at?50x?$CFx?30x?$CFx?5refrence@ 00102398     exception.obj
 0002:000005cc       ??_C@_0DI@IOMECPMK@FPU?5Fault?5at?5physical?5address?5?$FL0@ 001023cc     exception.obj
 0002:00000604       ??_C@_0DO@NIKHDGLG@Alignment?5Check?5at?5physical?5addr@ 00102404     exception.obj
 0002:00000644       ??_C@_0DM@OKKADJIB@Machine?5Check?5at?5physical?5addres@ 00102444     exception.obj
 0002:00000680       ??_C@_0DN@OBNBAIHA@FPU?5SIMD?5fault?5at?5physical?5addre@ 00102480     exception.obj
 0002:000006c0       ??_C@_0FM@GCJJFBAK@An?5internal?5error?5was?5detected?4?5@ 001024c0     panic.obj
 0002:00000720       ??_C@_0BJE@DIIIEOKN@?5?5?5?5?5?5?5?5?5?5?5?5?5?5?5?5?5?5?5?5?5?5?5?5?5?5?5?5?5?5?5?5@ 00102520     panic.obj
 0002:000008b4       ??_C@_0BA@EIKHFOBF@?$CK?$CK?$CK?5STOP?3?5?$CFs?5?6?6?$AA@ 001026b4     panic.obj
 0003:00000000       ?__xc_a@@3PAP6AXXZA        00102800     Lib:cstd.obj
 0003:00000004       ?__xc_z@@3PAP6AXXZA        00102804     Lib:cstd.obj
 0003:00000008       ?strMemoryTypes@@3PAPADA   00102808     main.obj
 0003:00000018       ?video_memory@@3PAGA       00102818     DebugDisplay.obj
 0003:0000001c       ?bchars@@3PADA             0010281c     DebugDisplay.obj
 0003:00000038       __fltused                  00102838     Lib:cstd.obj
 0003:00000040       ?tbuf@@3PADA               00102840     DebugDisplay.obj
 0003:00000060       ?cursor_x@@3EA             00102860     DebugDisplay.obj
 0003:00000061       ?cursor_y@@3EA             00102861     DebugDisplay.obj
 0003:00000062       ?_color@@3EA               00102862     DebugDisplay.obj

 entry point at        0000:00000000

 Static symbols

 0001:00001680       ?idt_install@@YAXXZ        00101a80 f   Hal:idt.obj
 0001:00001690       ?i86_default_handler@@YAXXZ 00101a90 f   Hal:idt.obj
 0001:00001820       ?gdt_install@@YAXXZ        00101c20 f   Hal:gdt.obj
